2025-02-20 22:15:49,766 - ERROR - Error loading file data/PDFs/2410.10602v1.pdf
2025-02-20 22:17:08,103 - ERROR - Error loading file data/PDFs/2410.10602v1.pdf
2025-02-20 22:20:08,386 - ERROR - Error loading file data/PDFs/2410.10602v1.pdf
2025-02-22 21:39:15,115 - INFO - Downloaded 0 documents with metadata.
2025-02-22 21:40:59,551 - INFO - Attempting to load documents...
2025-02-22 21:40:59,552 - INFO - Downloaded 0 documents with metadata.
2025-02-22 21:48:25,503 - INFO - Attempting to load documents...
2025-02-22 21:48:25,504 - ERROR - Error loading file data/PDFs/multiple_change_point_detection_in_functional_data_with_applications_to_biomechanical_fatigue_data.pdf
2025-03-16 20:18:18,071 - INFO - Attempting to load documents using PyPDFLoader...
2025-03-16 20:18:18,072 - INFO - Loading file data/PDFs/influence_of_advanced_footwear_technology_on_sub-2_hour_marathon_and_other_top_running_performances.pdf using PyPDFLoader...
2025-03-16 20:18:55,389 - INFO - Attempting to load documents using PyPDFLoader...
2025-03-16 20:18:55,389 - INFO - Loading file data/PDFs/influence_of_advanced_footwear_technology_on_sub-2_hour_marathon_and_other_top_running_performances.pdf using PyPDFLoader...
2025-03-16 20:19:12,633 - INFO - Attempting to load documents using PyPDFLoader...
2025-03-16 20:19:12,633 - INFO - Loading file data/PDFs/influence_of_advanced_footwear_technology_on_sub-2_hour_marathon_and_other_top_running_performances.pdf using PyPDFLoader...
2025-03-16 20:20:49,135 - INFO - Attempting to load documents using PyPDFLoader...
2025-03-16 20:20:49,136 - INFO - Loading file data/PDFs/influence_of_advanced_footwear_technology_on_sub-2_hour_marathon_and_other_top_running_performances.pdf using PyPDFLoader...
2025-03-16 20:21:16,196 - INFO - Attempting to load documents using PyPDFLoader...
2025-03-16 20:21:16,196 - INFO - Loading file data/PDFs/influence_of_advanced_footwear_technology_on_sub-2_hour_marathon_and_other_top_running_performances.pdf using PyPDFLoader...
2025-03-16 20:21:29,474 - INFO - Attempting to load documents using PyPDFLoader...
2025-03-16 20:21:29,474 - INFO - Loading file data/PDFs/influence_of_advanced_footwear_technology_on_sub-2_hour_marathon_and_other_top_running_performances.pdf using PyPDFLoader...
2025-03-16 20:21:29,869 - INFO - Loaded 22 documents from influence_of_advanced_footwear_technology_on_sub-2_hour_marathon_and_other_top_running_performances.pdf.
2025-03-16 20:21:29,869 - INFO - Loading file data/PDFs/altitude_training_strong_bounds_for_single-layer_dropout.pdf using PyPDFLoader...
2025-03-16 20:21:30,861 - INFO - Loaded 15 documents from altitude_training_strong_bounds_for_single-layer_dropout.pdf.
2025-03-16 20:21:30,861 - INFO - Loading file data/PDFs/against_negative_splitting_the_case_for_alternative_pacing_strategies_for_elite_marathon_athletes_in_official_events.pdf using PyPDFLoader...
2025-03-16 20:21:31,716 - INFO - Loaded 13 documents from against_negative_splitting_the_case_for_alternative_pacing_strategies_for_elite_marathon_athletes_in_official_events.pdf.
2025-03-16 20:21:31,717 - INFO - Loading file data/PDFs/marathon_environments_multi-agent_continuous_control_benchmarks_in_a_modern_video_game_engine.pdf using PyPDFLoader...
2025-03-16 20:21:31,725 - WARNING - Ignoring wrong pointing object 8 0 (offset 0)
2025-03-16 20:21:31,726 - WARNING - Ignoring wrong pointing object 11 0 (offset 0)
2025-03-16 20:21:31,729 - WARNING - Ignoring wrong pointing object 14 0 (offset 0)
2025-03-16 20:21:31,731 - WARNING - Ignoring wrong pointing object 16 0 (offset 0)
2025-03-16 20:21:31,731 - WARNING - Ignoring wrong pointing object 30 0 (offset 0)
2025-03-16 20:21:31,768 - WARNING - Ignoring wrong pointing object 75 0 (offset 0)
2025-03-16 20:21:34,331 - INFO - Loaded 10 documents from marathon_environments_multi-agent_continuous_control_benchmarks_in_a_modern_video_game_engine.pdf.
2025-03-16 20:21:34,336 - INFO - Loading file data/PDFs/making_up_for_the_deficit_in_a_marathon_run.pdf using PyPDFLoader...
2025-03-16 20:21:35,041 - INFO - Loaded 10 documents from making_up_for_the_deficit_in_a_marathon_run.pdf.
2025-03-16 20:21:35,044 - INFO - Loading file data/PDFs/marathon_pacing_and_elevation_change.pdf using PyPDFLoader...
2025-03-16 20:21:37,073 - INFO - Loaded 6 documents from marathon_pacing_and_elevation_change.pdf.
2025-03-16 20:21:37,074 - INFO - Downloaded 76 documents with metadata.
2025-03-16 20:22:53,414 - INFO - Attempting to load documents using PyPDFLoader...
2025-03-16 20:22:53,414 - INFO - Loading file data/PDFs/influence_of_advanced_footwear_technology_on_sub-2_hour_marathon_and_other_top_running_performances.pdf using PyPDFLoader...
2025-03-16 20:22:53,761 - INFO - Loaded 22 documents from influence_of_advanced_footwear_technology_on_sub-2_hour_marathon_and_other_top_running_performances.pdf.
2025-03-16 20:22:53,761 - INFO - Loading file data/PDFs/altitude_training_strong_bounds_for_single-layer_dropout.pdf using PyPDFLoader...
2025-03-16 20:22:54,757 - INFO - Loaded 15 documents from altitude_training_strong_bounds_for_single-layer_dropout.pdf.
2025-03-16 20:22:54,757 - INFO - Loading file data/PDFs/against_negative_splitting_the_case_for_alternative_pacing_strategies_for_elite_marathon_athletes_in_official_events.pdf using PyPDFLoader...
2025-03-16 20:22:55,150 - INFO - Loaded 13 documents from against_negative_splitting_the_case_for_alternative_pacing_strategies_for_elite_marathon_athletes_in_official_events.pdf.
2025-03-16 20:22:55,150 - INFO - Loading file data/PDFs/marathon_environments_multi-agent_continuous_control_benchmarks_in_a_modern_video_game_engine.pdf using PyPDFLoader...
2025-03-16 20:22:55,151 - WARNING - Ignoring wrong pointing object 8 0 (offset 0)
2025-03-16 20:22:55,151 - WARNING - Ignoring wrong pointing object 11 0 (offset 0)
2025-03-16 20:22:55,151 - WARNING - Ignoring wrong pointing object 14 0 (offset 0)
2025-03-16 20:22:55,151 - WARNING - Ignoring wrong pointing object 16 0 (offset 0)
2025-03-16 20:22:55,152 - WARNING - Ignoring wrong pointing object 30 0 (offset 0)
2025-03-16 20:22:55,152 - WARNING - Ignoring wrong pointing object 75 0 (offset 0)
2025-03-16 20:22:55,892 - INFO - Loaded 10 documents from marathon_environments_multi-agent_continuous_control_benchmarks_in_a_modern_video_game_engine.pdf.
2025-03-16 20:22:55,892 - INFO - Loading file data/PDFs/making_up_for_the_deficit_in_a_marathon_run.pdf using PyPDFLoader...
2025-03-16 20:22:56,031 - INFO - Loaded 10 documents from making_up_for_the_deficit_in_a_marathon_run.pdf.
2025-03-16 20:22:56,032 - INFO - Loading file data/PDFs/marathon_pacing_and_elevation_change.pdf using PyPDFLoader...
2025-03-16 20:22:57,723 - INFO - Loaded 6 documents from marathon_pacing_and_elevation_change.pdf.
2025-03-16 20:22:57,724 - INFO - Downloaded 76 documents with metadata.
2025-03-16 20:22:57,768 - INFO - Downloaded 76 documents and split into 367. Chunk size: 1000, overlap: 500
2025-03-16 20:22:57,778 - INFO - Created and populated ChromaDB at path data/chroma
